app/api/books/[id]/like/route.ts(14,14): error TS2339: Property 'like' does not exist on type 'PrismaClient<PrismaClientOptions, never, DefaultArgs>'.
app/api/books/[id]/like/route.ts(15,24): error TS2339: Property 'like' does not exist on type 'PrismaClient<PrismaClientOptions, never, DefaultArgs>'.
app/api/books/[id]/like/route.ts(46,39): error TS2339: Property 'like' does not exist on type 'PrismaClient<PrismaClientOptions, never, DefaultArgs>'.
app/api/books/[id]/like/route.ts(56,20): error TS2339: Property 'like' does not exist on type 'PrismaClient<PrismaClientOptions, never, DefaultArgs>'.
app/api/books/[id]/like/route.ts(66,20): error TS2339: Property 'like' does not exist on type 'PrismaClient<PrismaClientOptions, never, DefaultArgs>'.
app/api/subscription/route.ts(13,16): error TS2322: Type 'unknown' is not assignable to type 'string | undefined'.
app/api/subscription/route.ts(44,16): error TS2322: Type 'unknown' is not assignable to type 'string | undefined'.
app/api/subscription/route.ts(52,9): error TS2322: Type 'unknown' is not assignable to type 'string | undefined'.
app/api/subscription/route.ts(74,16): error TS2322: Type 'unknown' is not assignable to type 'string | undefined'.
app/dashboard/books/[id]/page.tsx(42,7): error TS2322: Type 'unknown' is not assignable to type 'string | StringFilter<"Purchase"> | undefined'.
app/dashboard/books/[id]/page.tsx(47,14): error TS2322: Type 'unknown' is not assignable to type 'string | undefined'.
app/dashboard/page.tsx(51,75): error TS2322: Type '{}' is not assignable to type 'ReactNode'.
app/dashboard/settings/page.tsx(14,14): error TS2322: Type 'unknown' is not assignable to type 'string | undefined'.
